// Jest Snapshot v1, https://goo.gl/fbAQLP

exports[`LayoutBody renders router 1`] = `true`;
